\BOOKMARK [1][-]{section.1}{\376\377\000P\000r\000o\000j\000e\000\040\000G\000e\000n\000e\000l\000\040\000B\000a\000k\001\061\001\137}{}% 1
\BOOKMARK [2][-]{subsection.1.1}{\376\377\000P\000r\000o\000j\000e\000\040\000T\000a\000n\001\061\000m\001\061}{section.1}% 2
\BOOKMARK [2][-]{subsection.1.2}{\376\377\000P\000r\000o\000j\000e\000\040\000K\000a\000p\000s\000a\000m\001\061}{section.1}% 3
\BOOKMARK [2][-]{subsection.1.3}{\376\377\000H\000e\000d\000e\000f\000\040\000K\000u\000l\000l\000a\000n\001\061\000c\001\061\000l\000a\000r}{section.1}% 4
\BOOKMARK [1][-]{section.2}{\376\377\000T\000e\000k\000n\000o\000l\000o\000j\000i\000\040\000S\000t\000a\000c\000k}{}% 5
\BOOKMARK [2][-]{subsection.2.1}{\376\377\000B\000a\000c\000k\000e\000n\000d\000\040\000T\000e\000k\000n\000o\000l\000o\000j\000i\000l\000e\000r\000i}{section.2}% 6
\BOOKMARK [2][-]{subsection.2.2}{\376\377\000F\000r\000o\000n\000t\000e\000n\000d\000\040\000T\000e\000k\000n\000o\000l\000o\000j\000i\000l\000e\000r\000i}{section.2}% 7
\BOOKMARK [2][-]{subsection.2.3}{\376\377\000D\000e\000v\000O\000p\000s\000\040\000v\000e\000\040\000A\000r\000a\000\347\000l\000a\000r}{section.2}% 8
\BOOKMARK [1][-]{section.3}{\376\377\000S\000i\000s\000t\000e\000m\000\040\000M\000i\000m\000a\000r\000i\000s\000i}{}% 9
\BOOKMARK [2][-]{subsection.3.1}{\376\377\000G\000e\000n\000e\000l\000\040\000M\000i\000m\000a\000r\000i\000\040\000D\000i\000y\000a\000g\000r\000a\000m\001\061}{section.3}% 10
\BOOKMARK [2][-]{subsection.3.2}{\376\377\000M\000i\000m\000a\000r\000i\000\040\000K\000a\000t\000m\000a\000n\000l\000a\000r}{section.3}% 11
\BOOKMARK [1][-]{section.4}{\376\377\000V\000e\000r\000i\000t\000a\000b\000a\000n\001\061\000\040\001\136\000e\000m\000a\000s\001\061}{}% 12
\BOOKMARK [2][-]{subsection.4.1}{\376\377\000E\000n\000t\000i\000t\000y\000\040\000R\000e\000l\000a\000t\000i\000o\000n\000s\000h\000i\000p\000\040\000D\000i\000a\000g\000r\000a\000m\000\040\000\050\000E\000R\000D\000\051}{section.4}% 13
\BOOKMARK [2][-]{subsection.4.2}{\376\377\000\326\000n\000e\000m\000l\000i\000\040\001\060\000l\000i\001\137\000k\000i\000l\000e\000r}{section.4}% 14
\BOOKMARK [1][-]{section.5}{\376\377\000A\000n\000a\000\040\000\326\000z\000e\000l\000l\000i\000k\000l\000e\000r}{}% 15
\BOOKMARK [2][-]{subsection.5.1}{\376\377\000T\000i\000c\000k\000e\000t\000\040\000Y\000\366\000n\000e\000t\000i\000m\000i}{section.5}% 16
\BOOKMARK [2][-]{subsection.5.2}{\376\377\000S\000L\000A\000\040\000\050\000S\000e\000r\000v\000i\000c\000e\000\040\000L\000e\000v\000e\000l\000\040\000A\000g\000r\000e\000e\000m\000e\000n\000t\000\051}{section.5}% 17
\BOOKMARK [2][-]{subsection.5.3}{\376\377\000O\000t\000o\000m\000a\000s\000y\000o\000n\000\040\000K\000u\000r\000a\000l\000l\000a\000r\001\061}{section.5}% 18
\BOOKMARK [2][-]{subsection.5.4}{\376\377\000E\000m\000a\000i\000l\000\040\000E\000n\000t\000e\000g\000r\000a\000s\000y\000o\000n\000u}{section.5}% 19
\BOOKMARK [2][-]{subsection.5.5}{\376\377\000B\000i\000l\000g\000i\000\040\000B\000a\000n\000k\000a\000s\001\061}{section.5}% 20
\BOOKMARK [2][-]{subsection.5.6}{\376\377\000G\000e\000r\000\347\000e\000k\000\040\000Z\000a\000m\000a\000n\000l\001\061\000\040\000B\000i\000l\000d\000i\000r\000i\000m\000l\000e\000r}{section.5}% 21
\BOOKMARK [1][-]{section.6}{\376\377\000G\000\374\000v\000e\000n\000l\000i\000k\000\040\000v\000e\000\040\000Y\000e\000t\000k\000i\000l\000e\000n\000d\000i\000r\000m\000e}{}% 22
\BOOKMARK [2][-]{subsection.6.1}{\376\377\000K\000i\000m\000l\000i\000k\000\040\000D\000o\001\037\000r\000u\000l\000a\000m\000a\000\040\000\050\000A\000u\000t\000h\000e\000n\000t\000i\000c\000a\000t\000i\000o\000n\000\051}{section.6}% 23
\BOOKMARK [2][-]{subsection.6.2}{\376\377\000Y\000e\000t\000k\000i\000l\000e\000n\000d\000i\000r\000m\000e\000\040\000\050\000A\000u\000t\000h\000o\000r\000i\000z\000a\000t\000i\000o\000n\000\051}{section.6}% 24
\BOOKMARK [2][-]{subsection.6.3}{\376\377\000G\000\374\000v\000e\000n\000l\000i\000k\000\040\000\326\000n\000l\000e\000m\000l\000e\000r\000i}{section.6}% 25
\BOOKMARK [1][-]{section.7}{\376\377\000K\000u\000r\000u\000l\000u\000m\000\040\000v\000e\000\040\000D\000e\000p\000l\000o\000y\000m\000e\000n\000t}{}% 26
\BOOKMARK [2][-]{subsection.7.1}{\376\377\000G\000e\000l\000i\001\137\000t\000i\000r\000m\000e\000\040\000O\000r\000t\000a\000m\001\061\000\040\000K\000u\000r\000u\000l\000u\000m\000u}{section.7}% 27
\BOOKMARK [2][-]{subsection.7.2}{\376\377\000D\000o\000c\000k\000e\000r\000\040\000i\000l\000e\000\040\000K\000u\000r\000u\000l\000u\000m}{section.7}% 28
\BOOKMARK [2][-]{subsection.7.3}{\376\377\000P\000r\000o\000d\000u\000c\000t\000i\000o\000n\000\040\000D\000e\000p\000l\000o\000y\000m\000e\000n\000t}{section.7}% 29
\BOOKMARK [1][-]{section.8}{\376\377\000A\000P\000I\000\040\000D\000o\000k\000\374\000m\000a\000n\000t\000a\000s\000y\000o\000n\000u}{}% 30
\BOOKMARK [2][-]{subsection.8.1}{\376\377\000R\000E\000S\000T\000f\000u\000l\000\040\000E\000n\000d\000p\000o\000i\000n\000t\000'\000l\000e\000r}{section.8}% 31
\BOOKMARK [2][-]{subsection.8.2}{\376\377\000S\000i\000g\000n\000a\000l\000R\000\040\000H\000u\000b\000s}{section.8}% 32
\BOOKMARK [1][-]{section.9}{\376\377\000P\000e\000r\000f\000o\000r\000m\000a\000n\000s\000\040\000v\000e\000\040\000\326\000l\000\347\000e\000k\000l\000e\000n\000e\000b\000i\000l\000i\000r\000l\000i\000k}{}% 33
\BOOKMARK [2][-]{subsection.9.1}{\376\377\000P\000e\000r\000f\000o\000r\000m\000a\000n\000s\000\040\000M\000e\000t\000r\000i\000k\000l\000e\000r\000i}{section.9}% 34
\BOOKMARK [2][-]{subsection.9.2}{\376\377\000\326\000l\000\347\000e\000k\000l\000e\000n\000e\000b\000i\000l\000i\000r\000l\000i\000k\000\040\000S\000t\000r\000a\000t\000e\000j\000i\000l\000e\000r\000i}{section.9}% 35
\BOOKMARK [1][-]{section.10}{\376\377\000T\000e\000s\000t\000\040\000v\000e\000\040\000K\000a\000l\000i\000t\000e\000\040\000G\000\374\000v\000e\000n\000c\000e\000s\000i}{}% 36
\BOOKMARK [2][-]{subsection.10.1}{\376\377\000T\000e\000s\000t\000\040\000S\000t\000r\000a\000t\000e\000j\000i\000s\000i}{section.10}% 37
\BOOKMARK [2][-]{subsection.10.2}{\376\377\000C\000o\000d\000e\000\040\000Q\000u\000a\000l\000i\000t\000y}{section.10}% 38
\BOOKMARK [1][-]{section.11}{\376\377\000S\000o\000n\000u\000\347\000\040\000v\000e\000\040\000G\000e\000l\000e\000c\000e\000k\000\040\000P\000l\000a\000n\000l\000a\000r\001\061}{}% 39
\BOOKMARK [2][-]{subsection.11.1}{\376\377\000P\000r\000o\000j\000e\000\040\000S\000o\000n\000u\000\347\000l\000a\000r\001\061}{section.11}% 40
\BOOKMARK [2][-]{subsection.11.2}{\376\377\000G\000e\000l\000e\000c\000e\000k\000\040\000G\000e\000l\000i\001\137\000t\000i\000r\000m\000e\000l\000e\000r}{section.11}% 41
\BOOKMARK [2][-]{subsection.11.3}{\376\377\000T\000e\001\137\000e\000k\000k\000\374\000r\000l\000e\000r}{section.11}% 42
